// Jest Snapshot v1, https://goo.gl/fbAQLP

exports[`ResetPasswordForm should be created 1`] = `
<app-reset-password-form
  formBuilder={[Function FormBuilder]}
  processing="false"
  resetPassword={[Function EventEmitter]}
  resetPasswordForm={[Function FormGroup]}
  submitted="false"
>
  <form
    class="ng-untouched ng-pristine ng-invalid"
    ng-reflect-form="[object Object]"
    novalidate=""
  >
    <div
      class="ng-untouched ng-pristine ng-invalid"
      formgroupname="plainPassword"
      ng-reflect-name="plainPassword"
    >
      <app-text-input
        class="ng-untouched ng-pristine ng-invalid"
        formcontrolname="first"
        ng-reflect-help-text="HELP_PASSWORD_FIELD"
        ng-reflect-label="PASSWORD"
        ng-reflect-name="first"
        ng-reflect-submitted="false"
        ng-reflect-type="password"
        type="password"
      >
        <div
          class="form-group "
        >
          <label
            class="control-label"
          >
            PASSWORD
          </label>
          <input
            class="form-control"
            placeholder=""
            type="password"
          />
          
          
          
          
          
          
          <small
            class="form-text text-muted"
          >
             HELP_PASSWORD_FIELD 
          </small>
        </div>
      </app-text-input>
      <app-text-input
        class="ng-untouched ng-pristine ng-invalid"
        formcontrolname="second"
        ng-reflect-error-text="FIELD_PASSWORD_MUST_BE_EQUAL"
        ng-reflect-label="PASSWORD_CONFIRMATION"
        ng-reflect-name="second"
        ng-reflect-type="password"
        type="password"
      >
        <div
          class="form-group "
        >
          <label
            class="control-label"
          >
            PASSWORD_CONFIRMATION
          </label>
          <input
            class="form-control"
            placeholder=""
            type="password"
          />
          
          
          
          
          
          
        </div>
      </app-text-input>
    </div>
    <div
      class="form-group"
    >
      <button
        class="btn btn-primary btn-lg btn-block"
        ng-reflect-translate=""
        translate=""
        type="submit"
      >
         UPDATE_MY_PASSWORD 
      </button>
    </div>
  </form>
</app-reset-password-form>
`;
